1733093049.363101 client started (66357): version 3.5a, socket /private/tmp/tmux-501/default, protocol 8
1733093049.363116 on Darwin 24.1.0 Darwin Kernel Version 24.1.0: Thu Oct 10 21:03:15 PDT 2024; root:xnu-11215.41.3~2/RELEASE_ARM64_T6000
1733093049.363122 using libevent 2.1.12-stable select
1733093049.363341 using utf8proc 2.9.0
1733093049.363349 using ncurses 6.4 20221231
1733093049.363360 flags are 0x18010000
1733093049.363366 socket is /private/tmp/tmux-501/default
1733093049.363377 trying connect
1733093049.363411 add peer 0x140008000: 6 (0x0)
1733093049.364467 sending message 111 to peer 0x140008000 (8 bytes)
1733093049.364473 sending message 111 to peer 0x140008000 (8 bytes)
1733093049.364477 sending message 101 to peer 0x140008000 (15 bytes)
1733093049.364480 sending message 109 to peer 0x140008000 (4 bytes)
1733093049.364483 sending message 102 to peer 0x140008000 (13 bytes)
1733093049.364487 sending message 108 to peer 0x140008000 (30 bytes)
1733093049.364490 sending message 112 to peer 0x140008000 (58 bytes)
1733093049.364493 sending message 112 to peer 0x140008000 (5 bytes)
1733093049.364496 sending message 112 to peer 0x140008000 (5 bytes)
1733093049.364500 sending message 112 to peer 0x140008000 (6 bytes)
1733093049.364504 sending message 112 to peer 0x140008000 (6 bytes)
1733093049.364508 sending message 112 to peer 0x140008000 (11 bytes)
1733093049.364511 sending message 112 to peer 0x140008000 (10 bytes)
1733093049.364514 sending message 112 to peer 0x140008000 (13 bytes)
1733093049.364517 sending message 112 to peer 0x140008000 (14 bytes)
1733093049.364520 sending message 112 to peer 0x140008000 (19 bytes)
1733093049.364523 sending message 112 to peer 0x140008000 (11 bytes)
1733093049.364526 sending message 112 to peer 0x140008000 (10 bytes)
1733093049.364530 sending message 112 to peer 0x140008000 (15 bytes)
1733093049.364534 sending message 112 to peer 0x140008000 (21 bytes)
1733093049.364537 sending message 112 to peer 0x140008000 (13 bytes)
1733093049.364540 sending message 112 to peer 0x140008000 (7 bytes)
1733093049.364543 sending message 112 to peer 0x140008000 (13 bytes)
1733093049.364546 sending message 112 to peer 0x140008000 (7 bytes)
1733093049.364549 sending message 112 to peer 0x140008000 (13 bytes)
1733093049.364553 sending message 112 to peer 0x140008000 (9 bytes)
1733093049.364557 sending message 112 to peer 0x140008000 (21 bytes)
1733093049.364560 sending message 112 to peer 0x140008000 (13 bytes)
1733093049.364563 sending message 112 to peer 0x140008000 (9 bytes)
1733093049.364566 sending message 112 to peer 0x140008000 (16 bytes)
1733093049.364569 sending message 112 to peer 0x140008000 (13 bytes)
1733093049.364572 sending message 112 to peer 0x140008000 (9 bytes)
1733093049.364575 sending message 112 to peer 0x140008000 (9 bytes)
1733093049.364579 sending message 112 to peer 0x140008000 (12 bytes)
1733093049.364582 sending message 112 to peer 0x140008000 (8 bytes)
1733093049.364585 sending message 112 to peer 0x140008000 (8 bytes)
1733093049.364588 sending message 112 to peer 0x140008000 (13 bytes)
1733093049.364591 sending message 112 to peer 0x140008000 (7 bytes)
1733093049.364594 sending message 112 to peer 0x140008000 (7 bytes)
1733093049.364597 sending message 112 to peer 0x140008000 (9 bytes)
1733093049.364622 sending message 112 to peer 0x140008000 (9 bytes)
1733093049.364629 sending message 112 to peer 0x140008000 (15 bytes)
1733093049.364634 sending message 112 to peer 0x140008000 (13 bytes)
1733093049.364637 sending message 112 to peer 0x140008000 (12 bytes)
1733093049.364641 sending message 112 to peer 0x140008000 (8 bytes)
1733093049.364644 sending message 112 to peer 0x140008000 (14 bytes)
1733093049.364647 sending message 112 to peer 0x140008000 (11 bytes)
1733093049.364650 sending message 112 to peer 0x140008000 (9 bytes)
1733093049.364653 sending message 112 to peer 0x140008000 (10 bytes)
1733093049.364658 sending message 112 to peer 0x140008000 (10 bytes)
1733093049.364662 sending message 112 to peer 0x140008000 (10 bytes)
1733093049.364665 sending message 112 to peer 0x140008000 (10 bytes)
1733093049.364675 sending message 112 to peer 0x140008000 (11 bytes)
1733093049.364677 sending message 112 to peer 0x140008000 (12 bytes)
1733093049.364679 sending message 112 to peer 0x140008000 (12 bytes)
1733093049.364681 sending message 112 to peer 0x140008000 (12 bytes)
1733093049.364684 sending message 112 to peer 0x140008000 (12 bytes)
1733093049.364686 sending message 112 to peer 0x140008000 (12 bytes)
1733093049.364688 sending message 112 to peer 0x140008000 (11 bytes)
1733093049.364690 sending message 112 to peer 0x140008000 (11 bytes)
1733093049.364692 sending message 112 to peer 0x140008000 (12 bytes)
1733093049.364694 sending message 112 to peer 0x140008000 (12 bytes)
1733093049.364696 sending message 112 to peer 0x140008000 (12 bytes)
1733093049.364699 sending message 112 to peer 0x140008000 (12 bytes)
1733093049.364701 sending message 112 to peer 0x140008000 (12 bytes)
1733093049.364703 sending message 112 to peer 0x140008000 (9 bytes)
1733093049.364705 sending message 112 to peer 0x140008000 (12 bytes)
1733093049.364707 sending message 112 to peer 0x140008000 (13 bytes)
1733093049.364709 sending message 112 to peer 0x140008000 (13 bytes)
1733093049.364712 sending message 112 to peer 0x140008000 (13 bytes)
1733093049.364714 sending message 112 to peer 0x140008000 (13 bytes)
1733093049.364716 sending message 112 to peer 0x140008000 (13 bytes)
1733093049.364718 sending message 112 to peer 0x140008000 (8 bytes)
1733093049.364720 sending message 112 to peer 0x140008000 (11 bytes)
1733093049.364723 sending message 112 to peer 0x140008000 (11 bytes)
1733093049.364725 sending message 112 to peer 0x140008000 (11 bytes)
1733093049.364727 sending message 112 to peer 0x140008000 (12 bytes)
1733093049.364729 sending message 112 to peer 0x140008000 (12 bytes)
1733093049.364732 sending message 112 to peer 0x140008000 (12 bytes)
1733093049.364734 sending message 112 to peer 0x140008000 (12 bytes)
1733093049.364736 sending message 112 to peer 0x140008000 (13 bytes)
1733093049.364738 sending message 112 to peer 0x140008000 (13 bytes)
1733093049.364740 sending message 112 to peer 0x140008000 (13 bytes)
1733093049.364743 sending message 112 to peer 0x140008000 (8 bytes)
1733093049.364745 sending message 112 to peer 0x140008000 (13 bytes)
1733093049.364748 sending message 112 to peer 0x140008000 (13 bytes)
1733093049.364750 sending message 112 to peer 0x140008000 (13 bytes)
1733093049.364752 sending message 112 to peer 0x140008000 (13 bytes)
1733093049.364754 sending message 112 to peer 0x140008000 (13 bytes)
1733093049.364756 sending message 112 to peer 0x140008000 (12 bytes)
1733093049.364758 sending message 112 to peer 0x140008000 (12 bytes)
1733093049.364761 sending message 112 to peer 0x140008000 (12 bytes)
1733093049.364763 sending message 112 to peer 0x140008000 (12 bytes)
1733093049.364765 sending message 112 to peer 0x140008000 (13 bytes)
1733093049.364767 sending message 112 to peer 0x140008000 (8 bytes)
1733093049.364769 sending message 112 to peer 0x140008000 (13 bytes)
1733093049.364772 sending message 112 to peer 0x140008000 (13 bytes)
1733093049.364775 sending message 112 to peer 0x140008000 (13 bytes)
1733093049.364778 sending message 112 to peer 0x140008000 (13 bytes)
1733093049.364780 sending message 112 to peer 0x140008000 (13 bytes)
1733093049.364782 sending message 112 to peer 0x140008000 (13 bytes)
1733093049.364784 sending message 112 to peer 0x140008000 (13 bytes)
1733093049.364786 sending message 112 to peer 0x140008000 (12 bytes)
1733093049.364788 sending message 112 to peer 0x140008000 (12 bytes)
1733093049.364790 sending message 112 to peer 0x140008000 (12 bytes)
1733093049.364792 sending message 112 to peer 0x140008000 (8 bytes)
1733093049.364795 sending message 112 to peer 0x140008000 (12 bytes)
1733093049.364797 sending message 112 to peer 0x140008000 (13 bytes)
1733093049.364799 sending message 112 to peer 0x140008000 (13 bytes)
1733093049.364802 sending message 112 to peer 0x140008000 (13 bytes)
1733093049.364804 sending message 112 to peer 0x140008000 (13 bytes)
1733093049.364806 sending message 112 to peer 0x140008000 (13 bytes)
1733093049.364812 sending message 112 to peer 0x140008000 (13 bytes)
1733093049.364814 sending message 112 to peer 0x140008000 (13 bytes)
1733093049.364816 sending message 112 to peer 0x140008000 (13 bytes)
1733093049.364818 sending message 112 to peer 0x140008000 (12 bytes)
1733093049.364820 sending message 112 to peer 0x140008000 (10 bytes)
1733093049.364823 sending message 112 to peer 0x140008000 (12 bytes)
1733093049.364826 sending message 112 to peer 0x140008000 (12 bytes)
1733093049.364828 sending message 112 to peer 0x140008000 (12 bytes)
1733093049.364830 sending message 112 to peer 0x140008000 (13 bytes)
1733093049.364832 sending message 112 to peer 0x140008000 (13 bytes)
1733093049.364835 sending message 112 to peer 0x140008000 (13 bytes)
1733093049.364837 sending message 112 to peer 0x140008000 (13 bytes)
1733093049.364839 sending message 112 to peer 0x140008000 (13 bytes)
1733093049.364841 sending message 112 to peer 0x140008000 (13 bytes)
1733093049.364843 sending message 112 to peer 0x140008000 (13 bytes)
1733093049.364845 sending message 112 to peer 0x140008000 (10 bytes)
1733093049.364847 sending message 112 to peer 0x140008000 (13 bytes)
1733093049.364849 sending message 112 to peer 0x140008000 (12 bytes)
1733093049.364852 sending message 112 to peer 0x140008000 (12 bytes)
1733093049.364855 sending message 112 to peer 0x140008000 (12 bytes)
1733093049.364857 sending message 112 to peer 0x140008000 (10 bytes)
1733093049.364859 sending message 112 to peer 0x140008000 (10 bytes)
1733093049.364862 sending message 112 to peer 0x140008000 (10 bytes)
1733093049.364864 sending message 112 to peer 0x140008000 (12 bytes)
1733093049.364866 sending message 112 to peer 0x140008000 (13 bytes)
1733093049.364868 sending message 112 to peer 0x140008000 (13 bytes)
1733093049.364870 sending message 112 to peer 0x140008000 (13 bytes)
1733093049.364872 sending message 112 to peer 0x140008000 (13 bytes)
1733093049.364874 sending message 112 to peer 0x140008000 (13 bytes)
1733093049.364876 sending message 112 to peer 0x140008000 (10 bytes)
1733093049.364879 sending message 112 to peer 0x140008000 (11 bytes)
1733093049.364881 sending message 112 to peer 0x140008000 (12 bytes)
1733093049.364883 sending message 112 to peer 0x140008000 (12 bytes)
1733093049.364885 sending message 112 to peer 0x140008000 (12 bytes)
1733093049.364887 sending message 112 to peer 0x140008000 (12 bytes)
1733093049.364890 sending message 112 to peer 0x140008000 (12 bytes)
1733093049.364892 sending message 112 to peer 0x140008000 (11 bytes)
1733093049.364894 sending message 112 to peer 0x140008000 (12 bytes)
1733093049.364896 sending message 112 to peer 0x140008000 (12 bytes)
1733093049.364899 sending message 112 to peer 0x140008000 (13 bytes)
1733093049.364902 sending message 112 to peer 0x140008000 (13 bytes)
1733093049.364904 sending message 112 to peer 0x140008000 (13 bytes)
1733093049.364906 sending message 112 to peer 0x140008000 (13 bytes)
1733093049.364908 sending message 112 to peer 0x140008000 (13 bytes)
1733093049.364910 sending message 112 to peer 0x140008000 (10 bytes)
1733093049.364912 sending message 112 to peer 0x140008000 (9 bytes)
1733093049.364914 sending message 112 to peer 0x140008000 (12 bytes)
1733093049.364916 sending message 112 to peer 0x140008000 (13 bytes)
1733093049.364918 sending message 112 to peer 0x140008000 (13 bytes)
1733093049.364920 sending message 112 to peer 0x140008000 (13 bytes)
1733093049.364923 sending message 112 to peer 0x140008000 (13 bytes)
1733093049.364926 sending message 112 to peer 0x140008000 (13 bytes)
1733093049.364929 sending message 112 to peer 0x140008000 (9 bytes)
1733093049.364931 sending message 112 to peer 0x140008000 (12 bytes)
1733093049.364933 sending message 112 to peer 0x140008000 (13 bytes)
1733093049.364935 sending message 112 to peer 0x140008000 (13 bytes)
1733093049.364937 sending message 112 to peer 0x140008000 (13 bytes)
1733093049.364939 sending message 112 to peer 0x140008000 (13 bytes)
1733093049.364941 sending message 112 to peer 0x140008000 (13 bytes)
1733093049.364948 sending message 112 to peer 0x140008000 (11 bytes)
1733093049.364950 sending message 112 to peer 0x140008000 (12 bytes)
1733093049.364952 sending message 112 to peer 0x140008000 (13 bytes)
1733093049.364954 sending message 112 to peer 0x140008000 (13 bytes)
1733093049.364956 sending message 112 to peer 0x140008000 (13 bytes)
1733093049.364958 sending message 112 to peer 0x140008000 (13 bytes)
1733093049.364961 sending message 112 to peer 0x140008000 (13 bytes)
1733093049.364963 sending message 112 to peer 0x140008000 (11 bytes)
1733093049.364965 sending message 112 to peer 0x140008000 (12 bytes)
1733093049.364967 sending message 112 to peer 0x140008000 (12 bytes)
1733093049.364970 sending message 112 to peer 0x140008000 (12 bytes)
1733093049.364973 sending message 112 to peer 0x140008000 (12 bytes)
1733093049.364975 sending message 112 to peer 0x140008000 (12 bytes)
1733093049.364977 sending message 112 to peer 0x140008000 (21 bytes)
1733093049.364980 sending message 112 to peer 0x140008000 (12 bytes)
1733093049.364983 sending message 112 to peer 0x140008000 (9 bytes)
1733093049.364985 sending message 112 to peer 0x140008000 (6 bytes)
1733093049.364987 sending message 112 to peer 0x140008000 (13 bytes)
1733093049.364989 sending message 112 to peer 0x140008000 (10 bytes)
1733093049.364991 sending message 112 to peer 0x140008000 (15 bytes)
1733093049.364994 sending message 112 to peer 0x140008000 (13 bytes)
1733093049.364996 sending message 112 to peer 0x140008000 (9 bytes)
1733093049.364998 sending message 112 to peer 0x140008000 (70 bytes)
1733093049.365002 sending message 112 to peer 0x140008000 (69 bytes)
1733093049.365004 sending message 112 to peer 0x140008000 (12 bytes)
1733093049.365006 sending message 112 to peer 0x140008000 (10 bytes)
1733093049.365008 sending message 112 to peer 0x140008000 (10 bytes)
1733093049.365010 sending message 112 to peer 0x140008000 (15 bytes)
1733093049.365012 sending message 112 to peer 0x140008000 (13 bytes)
1733093049.365015 sending message 112 to peer 0x140008000 (10 bytes)
1733093049.365018 sending message 112 to peer 0x140008000 (10 bytes)
1733093049.365020 sending message 112 to peer 0x140008000 (13 bytes)
1733093049.365022 sending message 112 to peer 0x140008000 (15 bytes)
1733093049.365024 sending message 112 to peer 0x140008000 (5 bytes)
1733093049.365030 sending message 104 to peer 0x140008000 (0 bytes)
1733093049.365033 sending message 110 to peer 0x140008000 (0 bytes)
1733093049.365036 sending message 107 to peer 0x140008000 (4 bytes)
1733093049.365039 sending message 105 to peer 0x140008000 (83 bytes)
1733093049.365043 sending message 105 to peer 0x140008000 (25 bytes)
1733093049.365045 sending message 105 to peer 0x140008000 (20 bytes)
1733093049.365047 sending message 105 to peer 0x140008000 (170 bytes)
1733093049.365051 sending message 105 to peer 0x140008000 (14 bytes)
1733093049.365053 sending message 105 to peer 0x140008000 (13 bytes)
1733093049.365055 sending message 105 to peer 0x140008000 (46 bytes)
1733093049.365057 sending message 105 to peer 0x140008000 (55 bytes)
1733093049.365063 sending message 105 to peer 0x140008000 (44 bytes)
1733093049.365066 sending message 105 to peer 0x140008000 (66 bytes)
1733093049.365068 sending message 105 to peer 0x140008000 (47 bytes)
1733093049.365070 sending message 105 to peer 0x140008000 (44 bytes)
1733093049.365073 sending message 105 to peer 0x140008000 (112 bytes)
1733093049.365075 sending message 105 to peer 0x140008000 (12 bytes)
1733093049.365077 sending message 105 to peer 0x140008000 (34 bytes)
1733093049.365079 sending message 105 to peer 0x140008000 (135 bytes)
1733093049.365082 sending message 105 to peer 0x140008000 (21 bytes)
1733093049.365085 sending message 105 to peer 0x140008000 (118 bytes)
1733093049.365089 sending message 105 to peer 0x140008000 (36 bytes)
1733093049.365092 sending message 105 to peer 0x140008000 (22 bytes)
1733093049.365094 sending message 105 to peer 0x140008000 (25 bytes)
1733093049.365096 sending message 105 to peer 0x140008000 (17 bytes)
1733093049.365105 sending message 105 to peer 0x140008000 (76 bytes)
1733093049.365107 sending message 105 to peer 0x140008000 (20 bytes)
1733093049.365110 sending message 105 to peer 0x140008000 (53 bytes)
1733093049.365112 sending message 105 to peer 0x140008000 (57 bytes)
1733093049.365114 sending message 105 to peer 0x140008000 (35 bytes)
1733093049.365117 sending message 105 to peer 0x140008000 (38 bytes)
1733093049.365119 sending message 105 to peer 0x140008000 (42 bytes)
1733093049.365121 sending message 105 to peer 0x140008000 (65 bytes)
1733093049.365123 sending message 105 to peer 0x140008000 (20 bytes)
1733093049.365125 sending message 105 to peer 0x140008000 (18 bytes)
1733093049.365127 sending message 105 to peer 0x140008000 (8 bytes)
1733093049.365129 sending message 105 to peer 0x140008000 (14 bytes)
1733093049.365132 sending message 105 to peer 0x140008000 (70 bytes)
1733093049.365134 sending message 105 to peer 0x140008000 (216 bytes)
1733093049.365139 sending message 105 to peer 0x140008000 (48 bytes)
1733093049.365141 sending message 105 to peer 0x140008000 (68 bytes)
1733093049.365143 sending message 105 to peer 0x140008000 (160 bytes)
1733093049.365147 sending message 105 to peer 0x140008000 (188 bytes)
1733093049.365149 sending message 105 to peer 0x140008000 (15 bytes)
1733093049.365151 sending message 105 to peer 0x140008000 (38 bytes)
1733093049.365153 sending message 105 to peer 0x140008000 (21 bytes)
1733093049.365155 sending message 105 to peer 0x140008000 (104 bytes)
1733093049.365158 sending message 105 to peer 0x140008000 (47 bytes)
1733093049.365160 sending message 105 to peer 0x140008000 (27 bytes)
1733093049.365163 sending message 106 to peer 0x140008000 (0 bytes)
1733093049.365212 sending message 200 to peer 0x140008000 (4 bytes)
1733093049.365215 client loop enter
1733093049.367477 peer 0x140008000 message 207
1733093049.367483 sending message 208 to peer 0x140008000 (0 bytes)
1733093052.506265 peer 0x140008000 message 203
1733093052.506274 sending message 205 to peer 0x140008000 (0 bytes)
1733093052.506410 peer 0x140008000 message 204
1733093052.506414 client loop exit
